// Jest Snapshot v1, https://goo.gl/fbAQLP

exports[`should render Header component correctly 1`] = `
<div
  className="header"
>
  <img
    alt="Ratan One"
    className="header-icon"
    src="logo.png"
  />
  <div
    className="header-nav"
  >
    <a
      aria-current={null}
      className="link"
      href="/query"
      onClick={[Function]}
    >
      Trade Query
    </a>
    <a
      aria-current={null}
      className="link"
      href="/exceptions"
      onClick={[Function]}
    >
      Exceptions
    </a>
    <a
      aria-current={null}
      className="link"
      href="/rules"
      onClick={[Function]}
    >
      Rules
    </a>
  </div>
</div>
`;
