// Jest Snapshot v1, https://goo.gl/fbAQLP

exports[`should render Header component correctly 1`] = `
<DocumentFragment>
  <button>
    dark theme
  </button>
  <button>
    light theme
  </button>
</DocumentFragment>
`;
